OrderDate	Region	Rep	Item	Units	Unit_Cost	Total
2016-01-06	East	Jones	Pencil	95	1.99	189.05
2016-01-23	Central	Kivell	Binder	50	19.99	999.50
2016-02-09	Central	Jardine	Pencil	36	4.99	179.64
2016-02-26	Central	Gill	Pen	27	19.99	539.73
2016-03-15	West	Sorvino	Pencil	56	2.99	167.44
2016-04-01	East	Jones	Binder	60	4.99	299.40
